// Jest Snapshot v1, https://jestjs.io/docs/snapshot-testing

exports[`AppWrapper styled component should match latest snapshot 1`] = `
<StyledComponent
  forwardedComponent={
    {
      "$$typeof": Symbol(react.forward_ref),
      "attrs": [],
      "componentStyle": ComponentStyle {
        "componentId": "sc-bdVaJa",
        "isStatic": false,
        "rules": [
          "
  width: 100%;
  height: 100%;
",
        ],
      },
      "displayName": "styled.section",
      "foldedComponentIds": [],
      "render": [Function],
      "styledComponentId": "sc-bdVaJa",
      "target": "section",
      "toString": [Function],
      "warnTooManyClasses": [Function],
      "withComponent": [Function],
    }
  }
  forwardedRef={null}
/>
`;
